I'm sorry, but errors were detected in your script. Please correct the
errors listed below, and try again.


File "game/script.rpy", line 81: Line is indented, but the preceding say statement statement does not expect a block. Please check this line's indentation. You may have forgotten a colon (:).
    hide Detective_spin_2x 
    ^

Ren'Py Version: Ren'Py 8.1.0.23051307
Sun Jun  4 11:27:16 2023
